// Jest Snapshot v1, https://goo.gl/fbAQLP

exports[`renders the component 1`] = `
<div
  className="App"
>
  <a>
    Learn React
  </a>
  <input
    placeholder="press me"
    style={
      Object {
        "height": 80,
        "width": 150,
      }
    }
  />
</div>
`;
